../Core/Src/main.c:76:6:HAL_GPIO_EXTI_Callback	24	static
../Core/Src/main.c:142:6:HAL_TIM_PeriodElapsedCallback	16	static
../Core/Src/main.c:176:5:main	8	static
../Core/Src/main.c:224:6:updateLED1	8	static
../Core/Src/main.c:244:6:updateLED2	8	static
../Core/Src/main.c:264:6:SystemClock_Config	88	static
../Core/Src/main.c:306:13:MX_TIM2_Init	32	static
../Core/Src/main.c:351:13:MX_TIM3_Init	32	static
../Core/Src/main.c:396:13:MX_GPIO_Init	40	static
../Core/Src/main.c:442:6:EXTI0_IRQHandler	8	static
../Core/Src/main.c:447:6:EXTI1_IRQHandler	8	static
../Core/Src/main.c:460:6:Error_Handler	4	static,ignoring_inline_asm
